[api] backend http://127.0.0.1:11434/v1  model=rs2-38mtp-hi-api  -> reports in api_llm/reports
[enrich] yfinance MU ...
[nltk_data] Downloading package punkt_tab to C:\Users\Public\Documents
[nltk_data]     \ESTsoft\CreatorTemp\defeatbeta\nltk...
[nltk_data]   Package punkt_tab is already up-to-date!
[38;5;10m______      __           _    ______      _        
|  _  \    / _|         | |   | ___ \    | |       
| | | |___| |_ ___  __ _| |_  | |_/ / ___| |_ __ _ 
| | | / _ \  _/ _ \/ _` | __| | ___ \/ _ \ __/ _` |
| |/ /  __/ ||  __/ (_| | |_  | |_/ /  __/ || (_| |
|___/ \___|_| \___|\__,_|\__| \____/ \___|\__\__,_|[0m
[1;38;5;10m📈:: Data Update Time ::[0m	2026-08-18T06:56:50Z [1;38;5;10m::[0m
[1;38;5;10m📈:: Software Version ::[0m	0.0.60      [1;38;5;10m::[0m
2026-08-18 20:44:43 INFO DuckDBClient MainThread - Cache is up-to-date. Update time: 2026-08-18T06:56:50Z
[out] C:\Users\riper\Downloads\RS2 Local\api_llm\reports\MU_20260818_204449

   [regime] ['owner_earnings', 'midcycle', 'midcycle'] -> midcycle | MoS -43.3 -> -92.5 | base $2.72B
[backbone] MU: base_cf $2.72B [lattice_midcycle] WACC 11% | implied 76.5% vs demonstrated 11.8% [revenue_cagr_5y] | gap 64.7pts
>> Layers 0, 1, 1.5 — Classification / Macro / Base Rate
   done in 418.8s -> S1_macro_classify.md

>> Layers 2, 2.5 — Business Quality / Adjusted Financials
   done in 183.1s -> S2_quality.md

>> Layers 3, 3.5 — Expectations Test / Second-Order
   done in 253.6s -> S3_valuation.md
   [valuation] reverse-DCF gap 64.7pts | stance overvalued (achievable medium)

>> Layers 4, 4.5 — Scenarios (Bayesian) / Horizon Arbitrage
   done in 230.8s -> S4_scenarios.md
   [valuation] scenario probs {'bear': 0.32, 'base': 0.43, 'bull': 0.25}

>> Layers 5, 5.5, 6, 6.5 — Conviction / Behavioral / Portfolio / Kelly
   done in 203.2s -> S5_conviction.md

>> Layers 7, 7.5, 8, 9 — Monitoring / Correlation / Audit / Red Team
   done in 341.5s -> S6_redteam_audit.md

>> FINAL ASSEMBLY (Sections 0-12) [ctx 32768]
   [retry-feedback] previous attempt's audit violations injected into final assembly
   done in 468.2s
[DONE] -> C:\Users\riper\Downloads\RS2 Local\api_llm\reports\MU_20260818_204449\FINAL.md
   [regime] basis 'midcycle' endorsed -> MoS -92.5 -> -92.5, stance overvalued
   [verdict] MU: method=reverse_dcf stance=overvalued action=None conv=None entry=wait_for_pullback (BRAKE: was 'None' None)

[SANITY] ::FAILED:: MU — 1 problem(s): verdict.json has no action
