[api] backend http://127.0.0.1:11434/v1  model=rs2-38mtp-api  -> reports in api_llm/reports
[enrich] yfinance MU ...
[out] C:\Users\riper\Downloads\RS2 Local\api_llm\reports\MU_20260818_011810

   [regime] ['current_earnings', 'midcycle', 'midcycle'] -> midcycle | MoS -43.3 -> -92.5 | base $2.72B
[nltk_data] Downloading package punkt_tab to C:\Users\Public\Documents
[nltk_data]     \ESTsoft\CreatorTemp\defeatbeta\nltk...
[nltk_data]   Package punkt_tab is already up-to-date!
[38;5;10m______      __           _    ______      _        
|  _  \    / _|         | |   | ___ \    | |       
| | | |___| |_ ___  __ _| |_  | |_/ / ___| |_ __ _ 
| | | / _ \  _/ _ \/ _` | __| | ___ \/ _ \ __/ _` |
| |/ /  __/ ||  __/ (_| | |_  | |_/ /  __/ || (_| |
|___/ \___|_| \___|\__,_|\__| \____/ \___|\__\__,_|[0m
[1;38;5;10m📈:: Data Update Time ::[0m	2026-08-17T05:20:17Z [1;38;5;10m::[0m
[1;38;5;10m📈:: Software Version ::[0m	0.0.60      [1;38;5;10m::[0m
2026-08-18 01:18:36 INFO DuckDBClient MainThread - Cache is up-to-date. Update time: 2026-08-17T05:20:17Z
[backbone] MU: base_cf $2.72B [lattice_midcycle] WACC 11% | implied 76.5% vs demonstrated 11.8% [revenue_cagr_5y] | gap 64.7pts
>> Layers 0, 1, 1.5 — Classification / Macro / Base Rate
   done in 64.8s -> S1_macro_classify.md

>> Layers 2, 2.5 — Business Quality / Adjusted Financials
   done in 66.5s -> S2_quality.md

>> Layers 3, 3.5 — Expectations Test / Second-Order
   done in 49.5s -> S3_valuation.md
   [valuation] reverse-DCF gap 64.7pts | stance overvalued (achievable low)

>> Layers 4, 4.5 — Scenarios (Bayesian) / Horizon Arbitrage
   done in 50.2s -> S4_scenarios.md
   [valuation] scenario probs {'bear': 0.35, 'base': 0.45, 'bull': 0.2}

>> Layers 5, 5.5, 6, 6.5 — Conviction / Behavioral / Portfolio / Kelly
   done in 63.5s -> S5_conviction.md

>> Layers 7, 7.5, 8, 9 — Monitoring / Correlation / Audit / Red Team
   done in 99.3s -> S6_redteam_audit.md

>> FINAL ASSEMBLY (Sections 0-12) [ctx 32768]
   done in 208.3s
[DONE] -> C:\Users\riper\Downloads\RS2 Local\api_llm\reports\MU_20260818_011810\FINAL.md
   [regime] basis 'midcycle' endorsed -> MoS -92.5 -> -92.5, stance overvalued
   [verdict] MU: method=reverse_dcf stance=overvalued action=HOLD / STAGE-IN ONLY (Do NOT initiate new full positions at current price) conv=9.0 entry=wait_for_pullback (BRAKE: was 'HOLD / STAGE-IN ONLY (Do NOT initiate new full positions at current price)' 9.0)
[SANITY] ok — MU: stages, FINAL.md and verdict.json all present and substantive
[AUDIT] ok — MU: 19 deterministic checks + AI verifier (pass)
