[api] backend http://127.0.0.1:11434/v1  model=rs2-flash-api  -> reports in api_llm/reports
[enrich] yfinance META ...
[out] C:\Users\riper\Downloads\RS2 Local\api_llm\reports\META_20260818_032436

   [regime] ['current_earnings', 'current_earnings', 'current_earnings'] -> current_earnings | MoS -23.0 -> 65.2 | base $70.59B
[nltk_data] Downloading package punkt_tab to C:\Users\Public\Documents
[nltk_data]     \ESTsoft\CreatorTemp\defeatbeta\nltk...
[nltk_data]   Package punkt_tab is already up-to-date!
[38;5;10m______      __           _    ______      _        
|  _  \    / _|         | |   | ___ \    | |       
| | | |___| |_ ___  __ _| |_  | |_/ / ___| |_ __ _ 
| | | / _ \  _/ _ \/ _` | __| | ___ \/ _ \ __/ _` |
| |/ /  __/ ||  __/ (_| | |_  | |_/ /  __/ || (_| |
|___/ \___|_| \___|\__,_|\__| \____/ \___|\__\__,_|[0m
[1;38;5;10m📈:: Data Update Time ::[0m	2026-08-17T05:20:17Z [1;38;5;10m::[0m
[1;38;5;10m📈:: Software Version ::[0m	0.0.60      [1;38;5;10m::[0m
2026-08-18 03:26:19 INFO DuckDBClient MainThread - Cache is up-to-date. Update time: 2026-08-17T05:20:17Z
[backbone] META: base_cf $70.59B [lattice_current_earnings] WACC 10% | implied 10.6% vs demonstrated 18.5% [revenue_cagr_5y] | gap -7.9pts
>> Layers 0, 1, 1.5 — Classification / Macro / Base Rate
   done in 58.4s -> S1_macro_classify.md

>> Layers 2, 2.5 — Business Quality / Adjusted Financials
   done in 56.6s -> S2_quality.md

>> Layers 3, 3.5 — Expectations Test / Second-Order
   done in 73.8s -> S3_valuation.md
   [valuation] reverse-DCF gap -7.9pts | stance undervalued (achievable high)

>> Layers 4, 4.5 — Scenarios (Bayesian) / Horizon Arbitrage
   done in 42.7s -> S4_scenarios.md
   [valuation] scenario probs {'bear': 0.25, 'base': 0.5, 'bull': 0.25}

>> Layers 5, 5.5, 6, 6.5 — Conviction / Behavioral / Portfolio / Kelly
   done in 45.7s -> S5_conviction.md

>> Layers 7, 7.5, 8, 9 — Monitoring / Correlation / Audit / Red Team
   done in 58.7s -> S6_redteam_audit.md

>> FINAL ASSEMBLY (Sections 0-12) [ctx 32768]
   done in 131.7s
[DONE] -> C:\Users\riper\Downloads\RS2 Local\api_llm\reports\META_20260818_032436\FINAL.md
   [regime] basis 'current_earnings' endorsed -> MoS 65.2 -> 65.2, stance undervalued
   [verdict] META: method=reverse_dcf stance=undervalued action=Initiate Position conv=15.0 entry=buy
[SANITY] ok — META: stages, FINAL.md and verdict.json all present and substantive

[AUDIT] ::FAILED:: META tier-1 (deterministic) — final.section12_present: len 36510 chars
