[api] backend http://127.0.0.1:11434/v1  model=rs2-38mtp-api  -> reports in api_llm/reports
[enrich] yfinance MU ...
[out] C:\Users\riper\Downloads\RS2 Local\api_llm\reports\MU_20260818_003830

   [regime] ['midcycle', 'current_earnings', 'current_earnings'] -> current_earnings | MoS -43.3 -> 40.1 | base $50.47B
[nltk_data] Downloading package punkt_tab to C:\Users\Public\Documents
[nltk_data]     \ESTsoft\CreatorTemp\defeatbeta\nltk...
[nltk_data]   Package punkt_tab is already up-to-date!
[38;5;10m______      __           _    ______      _        
|  _  \    / _|         | |   | ___ \    | |       
| | | |___| |_ ___  __ _| |_  | |_/ / ___| |_ __ _ 
| | | / _ \  _/ _ \/ _` | __| | ___ \/ _ \ __/ _` |
| |/ /  __/ ||  __/ (_| | |_  | |_/ /  __/ || (_| |
|___/ \___|_| \___|\__,_|\__| \____/ \___|\__\__,_|[0m
[1;38;5;10m📈:: Data Update Time ::[0m	2026-08-17T05:20:17Z [1;38;5;10m::[0m
[1;38;5;10m📈:: Software Version ::[0m	0.0.60      [1;38;5;10m::[0m
2026-08-18 00:38:56 INFO DuckDBClient MainThread - Cache is up-to-date. Update time: 2026-08-17T05:20:17Z
[backbone] MU: base_cf $50.47B [lattice_current_earnings] WACC 11% | implied 13.5% vs demonstrated 11.8% [revenue_cagr_5y] | gap 1.8pts
>> Layers 0, 1, 1.5 — Classification / Macro / Base Rate
   done in 141.9s -> S1_macro_classify.md

>> Layers 2, 2.5 — Business Quality / Adjusted Financials
   done in 205.3s -> S2_quality.md

>> Layers 3, 3.5 — Expectations Test / Second-Order
   done in 125.5s -> S3_valuation.md
   [valuation] reverse-DCF gap 1.8pts | stance fair (achievable medium)

>> Layers 4, 4.5 — Scenarios (Bayesian) / Horizon Arbitrage
   done in 136.0s -> S4_scenarios.md
   [valuation] scenario probs {'bear': 0.25, 'base': 0.5, 'bull': 0.25}

>> Layers 5, 5.5, 6, 6.5 — Conviction / Behavioral / Portfolio / Kelly
   done in 89.1s -> S5_conviction.md

>> Layers 7, 7.5, 8, 9 — Monitoring / Correlation / Audit / Red Team
   done in 197.5s -> S6_redteam_audit.md

>> FINAL ASSEMBLY (Sections 0-12) [ctx 32768]
   done in 181.2s
[DONE] -> C:\Users\riper\Downloads\RS2 Local\api_llm\reports\MU_20260818_003830\FINAL.md
   [regime] basis 'current_earnings' endorsed -> MoS 40.1 -> 40.1, stance fair
   [verdict] MU: method=reverse_dcf stance=fair action=None conv=9.0 entry=stage

[SANITY] ::FAILED:: MU — 1 problem(s): verdict.json has no action
