[api] backend http://127.0.0.1:11434/v1  model=rs2-38mtp-api  -> reports in api_llm/reports
[enrich] yfinance HG ...
[nltk_data] Downloading package punkt_tab to C:\Users\Public\Documents
[nltk_data]     \ESTsoft\CreatorTemp\defeatbeta\nltk...
[nltk_data]   Package punkt_tab is already up-to-date!
[38;5;10m______      __           _    ______      _        
|  _  \    / _|         | |   | ___ \    | |       
| | | |___| |_ ___  __ _| |_  | |_/ / ___| |_ __ _ 
| | | / _ \  _/ _ \/ _` | __| | ___ \/ _ \ __/ _` |
| |/ /  __/ ||  __/ (_| | |_  | |_/ /  __/ || (_| |
|___/ \___|_| \___|\__,_|\__| \____/ \___|\__\__,_|[0m
[1;38;5;10m📈:: Data Update Time ::[0m	2026-08-17T05:20:17Z [1;38;5;10m::[0m
[1;38;5;10m📈:: Software Version ::[0m	0.0.60      [1;38;5;10m::[0m
2026-08-18 02:15:00 INFO DuckDBClient MainThread - Cache is up-to-date. Update time: 2026-08-17T05:20:17Z
[out] C:\Users\riper\Downloads\RS2 Local\api_llm\reports\HG_20260818_021504

[backbone] HG: FINANCIAL | ROE 29.8% vs implied 11.5% | P/B 1.25x vs justified 4.29x | gap -18.3pts
>> Layers 0, 1, 1.5 — Classification / Macro / Base Rate
   done in 68.9s -> S1_macro_classify.md

>> Layers 2, 2.5 — Business Quality / Adjusted Financials
   done in 56.6s -> S2_quality.md

>> Layers 3, 3.5 — Expectations Test / Second-Order
   done in 44.0s -> S3_valuation.md
   [valuation] financial ROE-gap -18.3pts | fair $35.45 MoS -0.8% | stance undervalued

>> Layers 4, 4.5 — Scenarios (Bayesian) / Horizon Arbitrage
   done in 57.9s -> S4_scenarios.md
   [valuation] scenario probs {'bear': 0.3, 'base': 0.5, 'bull': 0.2}

>> Layers 5, 5.5, 6, 6.5 — Conviction / Behavioral / Portfolio / Kelly
   done in 69.9s -> S5_conviction.md

>> Layers 7, 7.5, 8, 9 — Monitoring / Correlation / Audit / Red Team
   done in 95.7s -> S6_redteam_audit.md

>> FINAL ASSEMBLY (Sections 0-12) [ctx 32768]
   done in 187.1s
[DONE] -> C:\Users\riper\Downloads\RS2 Local\api_llm\reports\HG_20260818_021504\FINAL.md
   [verdict] HG: method=financial_pb_roe stance=undervalued action=HOLD / STAGE-IN ON WEAKNESS conv=11.0 entry=stage
[SANITY] ok — HG: stages, FINAL.md and verdict.json all present and substantive

[AUDIT] ::FAILED:: HG tier-1 (deterministic) — final.engine_verdict_slot: slot says 'fair' vs authoritative 'undervalued'
