[api] backend http://127.0.0.1:11434/v1  model=rs2-38mtp-api  -> reports in api_llm/reports
[enrich] yfinance KRYS ...
[nltk_data] Downloading package punkt_tab to C:\Users\Public\Documents
[nltk_data]     \ESTsoft\CreatorTemp\defeatbeta\nltk...
[nltk_data]   Package punkt_tab is already up-to-date!
[38;5;10m______      __           _    ______      _        
|  _  \    / _|         | |   | ___ \    | |       
| | | |___| |_ ___  __ _| |_  | |_/ / ___| |_ __ _ 
| | | / _ \  _/ _ \/ _` | __| | ___ \/ _ \ __/ _` |
| |/ /  __/ ||  __/ (_| | |_  | |_/ /  __/ || (_| |
|___/ \___|_| \___|\__,_|\__| \____/ \___|\__\__,_|[0m
[1;38;5;10m📈:: Data Update Time ::[0m	2026-08-17T05:20:17Z [1;38;5;10m::[0m
[1;38;5;10m📈:: Software Version ::[0m	0.0.60      [1;38;5;10m::[0m
2026-08-18 02:47:17 INFO DuckDBClient MainThread - Cache is up-to-date. Update time: 2026-08-17T05:20:17Z
[out] C:\Users\riper\Downloads\RS2 Local\api_llm\reports\KRYS_20260818_024721

   [regime] ['current_earnings', 'current_earnings'] -> current_earnings | MoS -7.8 -> -13.6 | base $0.24B
[backbone] KRYS: base_cf $0.24B [lattice_current_earnings] WACC 10% | implied 22.8% vs demonstrated 0.0% [revenue_cagr_5y] | gap Nonepts
>> Layers 0, 1, 1.5 — Classification / Macro / Base Rate
   done in 67.0s -> S1_macro_classify.md

>> Layers 2, 2.5 — Business Quality / Adjusted Financials
   done in 61.7s -> S2_quality.md

>> Layers 3, 3.5 — Expectations Test / Second-Order
   done in 40.4s -> S3_valuation.md
   [valuation] reverse-DCF gap Nonepts | stance None (achievable medium)

>> Layers 4, 4.5 — Scenarios (Bayesian) / Horizon Arbitrage
   done in 119.3s -> S4_scenarios.md
   [valuation] scenario probs {'bear': 0.25, 'base': 0.5, 'bull': 0.25}

>> Layers 5, 5.5, 6, 6.5 — Conviction / Behavioral / Portfolio / Kelly
   done in 61.3s -> S5_conviction.md

>> Layers 7, 7.5, 8, 9 — Monitoring / Correlation / Audit / Red Team
   done in 73.0s -> S6_redteam_audit.md

>> FINAL ASSEMBLY (Sections 0-12) [ctx 32768]
   done in 176.6s
[DONE] -> C:\Users\riper\Downloads\RS2 Local\api_llm\reports\KRYS_20260818_024721\FINAL.md
   [regime] basis 'current_earnings' endorsed -> MoS -13.6 -> -13.6, stance None
   [verdict] KRYS: method=reverse_dcf stance=None action=HOLD / STAGE-IN ON WEAKNESS conv=11.0 entry=stage (BRAKE: was 'HOLD / STAGE-IN ON WEAKNESS' 11.0)
[SANITY] ok — KRYS: stages, FINAL.md and verdict.json all present and substantive
[AUDIT] ok — KRYS: 16 deterministic checks + AI verifier (pass)
