[api] backend http://127.0.0.1:11434/v1  model=rs2-flash-api  -> reports in api_llm/reports
[enrich] yfinance PM ...
[out] C:\Users\riper\Downloads\RS2 Local\api_llm\reports\PM_20260818_013847

[nltk_data] Downloading package punkt_tab to C:\Users\Public\Documents
[nltk_data]     \ESTsoft\CreatorTemp\defeatbeta\nltk...
[nltk_data]   Package punkt_tab is already up-to-date!
[38;5;10m______      __           _    ______      _        
|  _  \    / _|         | |   | ___ \    | |       
| | | |___| |_ ___  __ _| |_  | |_/ / ___| |_ __ _ 
| | | / _ \  _/ _ \/ _` | __| | ___ \/ _ \ __/ _` |
| |/ /  __/ ||  __/ (_| | |_  | |_/ /  __/ || (_| |
|___/ \___|_| \___|\__,_|\__| \____/ \___|\__\__,_|[0m
[1;38;5;10m📈:: Data Update Time ::[0m	2026-08-17T05:20:17Z [1;38;5;10m::[0m
[1;38;5;10m📈:: Software Version ::[0m	0.0.60      [1;38;5;10m::[0m
2026-08-18 01:38:53 INFO DuckDBClient MainThread - Cache is up-to-date. Update time: 2026-08-17T05:20:17Z
[backbone] PM: base_cf $11.75B [blended_owner_earnings] WACC 8% | implied 7.8% vs demonstrated 7.2% [revenue_cagr_5y] | gap 0.5pts
>> Layers 0, 1, 1.5 — Classification / Macro / Base Rate
   done in 57.8s -> S1_macro_classify.md

>> Layers 2, 2.5 — Business Quality / Adjusted Financials
   done in 47.6s -> S2_quality.md

>> Layers 3, 3.5 — Expectations Test / Second-Order
   done in 37.8s -> S3_valuation.md
   [valuation] reverse-DCF gap 0.5pts | stance fair (achievable medium)

>> Layers 4, 4.5 — Scenarios (Bayesian) / Horizon Arbitrage
   done in 39.8s -> S4_scenarios.md
   [valuation] scenario probs {'bear': 0.25, 'base': 0.5, 'bull': 0.25}

>> Layers 5, 5.5, 6, 6.5 — Conviction / Behavioral / Portfolio / Kelly
   done in 75.8s -> S5_conviction.md

>> Layers 7, 7.5, 8, 9 — Monitoring / Correlation / Audit / Red Team
   done in 49.1s -> S6_redteam_audit.md

>> FINAL ASSEMBLY (Sections 0-12) [ctx 32768]
   done in 78.9s
[DONE] -> C:\Users\riper\Downloads\RS2 Local\api_llm\reports\PM_20260818_013847\FINAL.md
   [verdict] PM: method=reverse_dcf stance=fair action=HOLD / STAGE-IN ON WEAKNESS conv=11.0 entry=stage (BRAKE: was 'HOLD / STAGE-IN ON WEAKNESS' 12.0)
[SANITY] ok — PM: stages, FINAL.md and verdict.json all present and substantive
   [audit] tier-2 VERDICT SPLIT ['fail', 'pass', 'fail'] -> majority fail (recorded to verifier_variance.jsonl)

[AUDIT] ::FAILED:: PM tier-2 (AI verifier) — FABRICATION: Conviction score in report (12/15) contradicts authoritative verdict.json data (11.0). This figure discrepancy exceeds the ~3% tolerance for rounding/judgment bands.
